exports[`test directives.js 1`] = `
"\"use strict\";

function fn() {
  \"use strict\";
}
~~~~~~~~~~~~~~~~~~~~~~~~~~~~~~~~~~~~~~~~~~~~~~~~~~~~~~~~~~~~~~~~~~~~~~~~~~~~~~~~
\"use strict\";

function fn() {
  \"use strict\";
}
"
`;

exports[`test method-chain.js 1`] = `
"method().then(x => x)
  [\"abc\"](x => x)
  [abc](x => x);
~~~~~~~~~~~~~~~~~~~~~~~~~~~~~~~~~~~~~~~~~~~~~~~~~~~~~~~~~~~~~~~~~~~~~~~~~~~~~~~~
method()
  .then(x => x)
  [\"abc\"](x => x)
  [abc](x => x);
"
`;

exports[`test exports.js 1`] = `
"export { value1, value2 as value2_renamed, value3, value4 as value4_renamed, value5 } from \"exports\";
~~~~~~~~~~~~~~~~~~~~~~~~~~~~~~~~~~~~~~~~~~~~~~~~~~~~~~~~~~~~~~~~~~~~~~~~~~~~~~~~
export {
  value1,
  value2 as value2_renamed,
  value3,
  value4 as value4_renamed,
  value5
} from \"exports\";
"
`;

exports[`test optional-type-name.js 1`] = `
"type Foo = (any) => string

type Bar = { [string]: number }
~~~~~~~~~~~~~~~~~~~~~~~~~~~~~~~~~~~~~~~~~~~~~~~~~~~~~~~~~~~~~~~~~~~~~~~~~~~~~~~~
type Foo = (any) => string;

type Bar = { [string]: number };
"
`;
